[+] Parsed structure file 1ppe (2 chains, 252 residues)
[+] No. of intermolecular contacts: 71
[+] No. of charged-charged contacts: 4
[+] No. of charged-polar contacts: 8
[+] No. of charged-apolar contacts: 24
[+] No. of polar-polar contacts: 0
[+] No. of apolar-polar contacts: 15
[+] No. of apolar-apolar contacts: 20
[+] ALA: 1
[+] CYS: 12
[+] GLU: 1
[+] ASP: 2
[+] GLY: 14
[+] PHE: 3
[+] ILE: 8
[+] HIS: 7
[+] LYS: 2
[+] MET: 1
[+] LEU: 10
[+] ASN: 1
[+] GLN: 10
[+] PRO: 7
[+] SER: 9
[+] ARG: 28
[+] THR: 3
[+] TRP: 5
[+] VAL: 8
[+] TYR: 10
[+] Link density: 0.1352
[+] Class: BIO

